** Drc report for SMARTMOTOR_X.kicad_pcb **
** Created on 2026-08-07T12:30:01 **
** Report includes: Errors, Warnings **

** Found 116 DRC violations **
[items_not_allowed]: Items not allowed (keepout area of U2)
    Rule: keepout area of U2; error
    @(147.0000 mm, 54.5000 mm): Footprint TP1
[items_not_allowed]: Items not allowed (keepout area of U2)
    Rule: keepout area of U2; error
    @(183.2500 mm, 50.7400 mm): Pad 40 [gnd] of U2 on F.Cu
[items_not_allowed]: Items not allowed (keepout area of U2)
    Rule: keepout area of U2; error
    @(183.2500 mm, 52.0100 mm): Pad 39 [unconnected-(U2-IO1-Pad39)] of U2 on F.Cu
[items_not_allowed]: Items not allowed (keepout area of U2)
    Rule: keepout area of U2; error
    @(183.2500 mm, 53.2800 mm): Pad 38 [Net-(D1-K)] of U2 on F.Cu
[items_not_allowed]: Items not allowed (keepout area of U2)
    Rule: keepout area of U2; error
    @(165.7500 mm, 53.2800 mm): Pad 3 [Net-(U2-EN)] of U2 on F.Cu
[items_not_allowed]: Items not allowed (keepout area of U2)
    Rule: keepout area of U2; error
    @(165.7500 mm, 52.0100 mm): Pad 2 [+3V3] of U2 on F.Cu
[items_not_allowed]: Items not allowed (keepout area of U2)
    Rule: keepout area of U2; error
    @(165.7500 mm, 50.7400 mm): Pad 1 [gnd] of U2 on F.Cu
[items_not_allowed]: Items not allowed (keepout area of U2)
    Rule: keepout area of U2; error
    @(174.5000 mm, 56.0000 mm): Footprint U2
[items_not_allowed]: Items not allowed (keepout area of U2)
    Rule: keepout area of U2; error
    @(160.1750 mm, 52.4900 mm): Pad 1 [+3V3] of R4 on F.Cu
[items_not_allowed]: Items not allowed (keepout area of U2)
    Rule: keepout area of U2; error
    @(161.8250 mm, 52.4900 mm): Pad 2 [Net-(U2-EN)] of R4 on F.Cu
[items_not_allowed]: Items not allowed (keepout area of U2)
    Rule: keepout area of U2; error
    @(161.0000 mm, 52.4900 mm): Footprint R4
[clearance]: Clearance violation ( clearance 0.2000 mm; actual 0.1500 mm)
    Local override; error
    @(168.7750 mm, 89.7250 mm): Pad 1 [+3V3] of U5 on F.Cu
    @(168.7750 mm, 90.2250 mm): Pad 2 [unconnected-(U5-NC-Pad2)] of U5 on F.Cu
[clearance]: Clearance violation ( clearance 0.2000 mm; actual 0.1500 mm)
    Local override; error
    @(168.7750 mm, 90.2250 mm): Pad 2 [unconnected-(U5-NC-Pad2)] of U5 on F.Cu
    @(168.7750 mm, 90.7250 mm): Pad 3 [unconnected-(U5-NC-Pad3)] of U5 on F.Cu
[clearance]: Clearance violation ( clearance 0.2000 mm; actual 0.1500 mm)
    Local override; error
    @(168.7750 mm, 91.2250 mm): Pad 4 [I2C_SCL] of U5 on F.Cu
    @(168.7750 mm, 90.7250 mm): Pad 3 [unconnected-(U5-NC-Pad3)] of U5 on F.Cu
[clearance]: Clearance violation ( clearance 0.2000 mm; actual 0.1500 mm)
    Local override; error
    @(168.7750 mm, 91.2250 mm): Pad 4 [I2C_SCL] of U5 on F.Cu
    @(168.7750 mm, 91.7250 mm): Pad 5 [gnd] of U5 on F.Cu
[hole_clearance]: Hole clearance violation (board setup constraints hole clearance 0.2500 mm; actual 0.1944 mm)
    Rule: board setup constraints hole; error
    @(104.3000 mm, 44.8200 mm): Pad A1 [gnd] of J2 on F.Cu
    @(104.6100 mm, 45.8950 mm): NPTH pad of J2
[hole_clearance]: Hole clearance violation (board setup constraints hole clearance 0.2500 mm; actual 0.1944 mm)
    Rule: board setup constraints hole; error
    @(104.3000 mm, 44.8200 mm): Pad B12 [gnd] of J2 on F.Cu
    @(104.6100 mm, 45.8950 mm): NPTH pad of J2
[hole_clearance]: Hole clearance violation (board setup constraints hole clearance 0.2500 mm; actual 0.1944 mm)
    Rule: board setup constraints hole; error
    @(110.7000 mm, 44.8200 mm): Pad B1 [gnd] of J2 on F.Cu
    @(110.3900 mm, 45.8950 mm): NPTH pad of J2
[clearance]: Clearance violation ( clearance 0.2000 mm; actual 0.1500 mm)
    Local override; error
    @(169.5000 mm, 91.9500 mm): Pad 6 [/Vibration_Sensor/I2C_SDA] of U5 on F.Cu
    @(170.0000 mm, 91.9500 mm): Pad 7 [Net-(U5-SDO)] of U5 on F.Cu
[clearance]: Clearance violation ( clearance 0.2000 mm; actual 0.1500 mm)
    Local override; error
    @(170.0000 mm, 91.9500 mm): Pad 7 [Net-(U5-SDO)] of U5 on F.Cu
    @(170.5000 mm, 91.9500 mm): Pad 8 [+3V3] of U5 on F.Cu
[clearance]: Clearance violation ( clearance 0.2000 mm; actual 0.1500 mm)
    Local override; error
    @(171.2250 mm, 91.7250 mm): Pad 9 [unconnected-(U5-INT2-Pad9)] of U5 on F.Cu
    @(171.2250 mm, 91.2250 mm): Pad 10 [gnd] of U5 on F.Cu
[hole_clearance]: Hole clearance violation (board setup constraints hole clearance 0.2500 mm; actual 0.1944 mm)
    Rule: board setup constraints hole; error
    @(110.7000 mm, 44.8200 mm): Pad A12 [gnd] of J2 on F.Cu
    @(110.3900 mm, 45.8950 mm): NPTH pad of J2
[clearance]: Clearance violation ( clearance 0.2000 mm; actual 0.1500 mm)
    Local override; error
    @(171.2250 mm, 90.7250 mm): Pad 11 [/Vibration_Sensor/ADXL_INT1] of U5 on F.Cu
    @(171.2250 mm, 91.2250 mm): Pad 10 [gnd] of U5 on F.Cu
[clearance]: Clearance violation ( clearance 0.2000 mm; actual 0.1500 mm)
    Local override; error
    @(171.2250 mm, 90.7250 mm): Pad 11 [/Vibration_Sensor/ADXL_INT1] of U5 on F.Cu
    @(171.2250 mm, 90.2250 mm): Pad 12 [gnd] of U5 on F.Cu
[clearance]: Clearance violation ( clearance 0.2000 mm; actual 0.1500 mm)
    Local override; error
    @(171.2250 mm, 90.2250 mm): Pad 12 [gnd] of U5 on F.Cu
    @(171.2250 mm, 89.7250 mm): Pad 13 [unconnected-(U5-ADC3-Pad13)] of U5 on F.Cu
[clearance]: Clearance violation ( clearance 0.2000 mm; actual 0.1500 mm)
    Local override; error
    @(170.5000 mm, 89.5000 mm): Pad 14 [+3V3] of U5 on F.Cu
    @(170.0000 mm, 89.5000 mm): Pad 15 [unconnected-(U5-ADC2-Pad15)] of U5 on F.Cu
[clearance]: Clearance violation ( clearance 0.2000 mm; actual 0.1500 mm)
    Local override; error
    @(169.5000 mm, 89.5000 mm): Pad 16 [unconnected-(U5-ADC1-Pad16)] of U5 on F.Cu
    @(170.0000 mm, 89.5000 mm): Pad 15 [unconnected-(U5-ADC2-Pad15)] of U5 on F.Cu
[copper_edge_clearance]: Board edge clearance violation (board setup constraints edge clearance 0.5000 mm; actual 0.4250 mm)
    Rule: board setup constraints edge; error
    @(84.4250 mm, 43.0000 mm): Rectangle on Edge.Cuts
    @(183.2500 mm, 50.7400 mm): Pad 40 [gnd] of U2 on F.Cu
[copper_edge_clearance]: Board edge clearance violation (board setup constraints edge clearance 0.5000 mm; actual 0.4250 mm)
    Rule: board setup constraints edge; error
    @(84.4250 mm, 43.0000 mm): Rectangle on Edge.Cuts
    @(183.2500 mm, 52.0100 mm): Pad 39 [unconnected-(U2-IO1-Pad39)] of U2 on F.Cu
[copper_edge_clearance]: Board edge clearance violation (board setup constraints edge clearance 0.5000 mm; actual 0.4250 mm)
    Rule: board setup constraints edge; error
    @(84.4250 mm, 43.0000 mm): Rectangle on Edge.Cuts
    @(183.2500 mm, 53.2800 mm): Pad 38 [Net-(D1-K)] of U2 on F.Cu
[copper_edge_clearance]: Board edge clearance violation (board setup constraints edge clearance 0.5000 mm; actual 0.4250 mm)
    Rule: board setup constraints edge; error
    @(84.4250 mm, 43.0000 mm): Rectangle on Edge.Cuts
    @(183.2500 mm, 54.5500 mm): Pad 37 [unconnected-(U2-TXD0-Pad37)] of U2 on F.Cu
[copper_edge_clearance]: Board edge clearance violation (board setup constraints edge clearance 0.5000 mm; actual 0.4250 mm)
    Rule: board setup constraints edge; error
    @(84.4250 mm, 43.0000 mm): Rectangle on Edge.Cuts
    @(183.2500 mm, 55.8200 mm): Pad 36 [unconnected-(U2-RXD0-Pad36)] of U2 on F.Cu
[copper_edge_clearance]: Board edge clearance violation (board setup constraints edge clearance 0.5000 mm; actual 0.4250 mm)
    Rule: board setup constraints edge; error
    @(84.4250 mm, 43.0000 mm): Rectangle on Edge.Cuts
    @(183.2500 mm, 57.0900 mm): Pad 35 [unconnected-(U2-IO42-Pad35)] of U2 on F.Cu
[copper_edge_clearance]: Board edge clearance violation (board setup constraints edge clearance 0.5000 mm; actual 0.4250 mm)
    Rule: board setup constraints edge; error
    @(84.4250 mm, 43.0000 mm): Rectangle on Edge.Cuts
    @(183.2500 mm, 58.3600 mm): Pad 34 [unconnected-(U2-IO41-Pad34)] of U2 on F.Cu
[copper_edge_clearance]: Board edge clearance violation (board setup constraints edge clearance 0.5000 mm; actual 0.4250 mm)
    Rule: board setup constraints edge; error
    @(84.4250 mm, 43.0000 mm): Rectangle on Edge.Cuts
    @(183.2500 mm, 59.6300 mm): Pad 33 [unconnected-(U2-IO40-Pad33)] of U2 on F.Cu
[copper_edge_clearance]: Board edge clearance violation (board setup constraints edge clearance 0.5000 mm; actual 0.4250 mm)
    Rule: board setup constraints edge; error
    @(84.4250 mm, 43.0000 mm): Rectangle on Edge.Cuts
    @(183.2500 mm, 60.9000 mm): Pad 32 [unconnected-(U2-IO39-Pad32)] of U2 on F.Cu
[copper_edge_clearance]: Board edge clearance violation (board setup constraints edge clearance 0.5000 mm; actual 0.4250 mm)
    Rule: board setup constraints edge; error
    @(84.4250 mm, 43.0000 mm): Rectangle on Edge.Cuts
    @(183.2500 mm, 62.1700 mm): Pad 31 [BUZZER_CTRL] of U2 on F.Cu
[copper_edge_clearance]: Board edge clearance violation (board setup constraints edge clearance 0.5000 mm; actual 0.4250 mm)
    Rule: board setup constraints edge; error
    @(84.4250 mm, 43.0000 mm): Rectangle on Edge.Cuts
    @(183.2500 mm, 63.4400 mm): Pad 30 [LED_BLUE] of U2 on F.Cu
[copper_edge_clearance]: Board edge clearance violation (board setup constraints edge clearance 0.5000 mm; actual 0.4250 mm)
    Rule: board setup constraints edge; error
    @(84.4250 mm, 43.0000 mm): Rectangle on Edge.Cuts
    @(183.2500 mm, 64.7100 mm): Pad 29 [LED_RED] of U2 on F.Cu
[copper_edge_clearance]: Board edge clearance violation (board setup constraints edge clearance 0.5000 mm; actual 0.4250 mm)
    Rule: board setup constraints edge; error
    @(84.4250 mm, 43.0000 mm): Rectangle on Edge.Cuts
    @(183.2500 mm, 65.9800 mm): Pad 28 [LED_GREEN] of U2 on F.Cu
[copper_edge_clearance]: Board edge clearance violation (board setup constraints edge clearance 0.5000 mm; actual 0.4250 mm)
    Rule: board setup constraints edge; error
    @(84.4250 mm, 43.0000 mm): Rectangle on Edge.Cuts
    @(183.2500 mm, 67.2500 mm): Pad 27 [Net-(U2-IO0)] of U2 on F.Cu
[drill_out_of_range]: Hole size out of range (board setup constraints min hole 0.3000 mm; actual 0.2000 mm)
    Rule: board setup constraints; error
    @(174.4000 mm, 59.1600 mm): PTH pad 41 [gnd] of U2
[drill_out_of_range]: Hole size out of range (board setup constraints min hole 0.3000 mm; actual 0.2000 mm)
    Rule: board setup constraints; error
    @(174.4000 mm, 57.7600 mm): PTH pad 41 [gnd] of U2
[drill_out_of_range]: Hole size out of range (board setup constraints min hole 0.3000 mm; actual 0.2000 mm)
    Rule: board setup constraints; error
    @(173.7000 mm, 59.8600 mm): PTH pad 41 [gnd] of U2
[drill_out_of_range]: Hole size out of range (board setup constraints min hole 0.3000 mm; actual 0.2000 mm)
    Rule: board setup constraints; error
    @(173.7000 mm, 58.4600 mm): PTH pad 41 [gnd] of U2
[drill_out_of_range]: Hole size out of range (board setup constraints min hole 0.3000 mm; actual 0.2000 mm)
    Rule: board setup constraints; error
    @(173.7000 mm, 57.0600 mm): PTH pad 41 [gnd] of U2
[drill_out_of_range]: Hole size out of range (board setup constraints min hole 0.3000 mm; actual 0.2000 mm)
    Rule: board setup constraints; error
    @(173.0000 mm, 59.1600 mm): PTH pad 41 [gnd] of U2
[drill_out_of_range]: Hole size out of range (board setup constraints min hole 0.3000 mm; actual 0.2000 mm)
    Rule: board setup constraints; error
    @(173.0000 mm, 57.7600 mm): PTH pad 41 [gnd] of U2
[drill_out_of_range]: Hole size out of range (board setup constraints min hole 0.3000 mm; actual 0.2000 mm)
    Rule: board setup constraints; error
    @(172.3000 mm, 59.8600 mm): PTH pad 41 [gnd] of U2
[drill_out_of_range]: Hole size out of range (board setup constraints min hole 0.3000 mm; actual 0.2000 mm)
    Rule: board setup constraints; error
    @(172.3000 mm, 58.4600 mm): PTH pad 41 [gnd] of U2
[drill_out_of_range]: Hole size out of range (board setup constraints min hole 0.3000 mm; actual 0.2000 mm)
    Rule: board setup constraints; error
    @(172.3000 mm, 57.0600 mm): PTH pad 41 [gnd] of U2
[drill_out_of_range]: Hole size out of range (board setup constraints min hole 0.3000 mm; actual 0.2000 mm)
    Rule: board setup constraints; error
    @(171.6000 mm, 59.1600 mm): PTH pad 41 [gnd] of U2
[drill_out_of_range]: Hole size out of range (board setup constraints min hole 0.3000 mm; actual 0.2000 mm)
    Rule: board setup constraints; error
    @(171.6000 mm, 57.7600 mm): PTH pad 41 [gnd] of U2
[silk_edge_clearance]: Silkscreen clipped by board edge
    Rule: board setup constraints silk; warning
    @(84.4250 mm, 43.0000 mm): Rectangle on Edge.Cuts
    @(107.5000 mm, 43.0000 mm): Reference field of J2
[silk_edge_clearance]: Silkscreen clipped by board edge
    Rule: board setup constraints silk; warning
    @(84.4250 mm, 43.0000 mm): Rectangle on Edge.Cuts
    @(84.1400 mm, 76.8700 mm): Reference field of R8
[padstack]: Padstack is questionable (PTH pad hole leaves no copper)
    Local override; warning
    @(87.4100 mm, 90.0400 mm): PTH pad 2 [gnd] of J1
[lib_footprint_mismatch]: Footprint 'PinHeader_1x02_P2.54mm_Vertical' does not match copy in library 'Connector_PinHeader_2.54mm'
    Local override; warning
    @(87.4100 mm, 87.5000 mm): Footprint J1
[silk_overlap]: Silkscreen clearance
    Rule: board setup constraints silk; warning
    @(179.0000 mm, 111.0020 mm): Reference field of TP10
    @(179.0000 mm, 111.0000 mm): Circle of TP10 on F.Silkscreen
[silk_overlap]: Silkscreen clearance
    Rule: board setup constraints silk; warning
    @(174.0000 mm, 112.0000 mm): Reference field of TP9
    @(174.0000 mm, 112.0000 mm): Circle of TP7 on F.Silkscreen
[silk_overlap]: Silkscreen clearance
    Rule: board setup constraints silk; warning
    @(166.4377 mm, 91.0225 mm): Segment of R13 on F.Silkscreen
    @(166.6750 mm, 91.5800 mm): Reference field of R14
[silk_overlap]: Silkscreen clearance
    Rule: board setup constraints silk; warning
    @(166.6750 mm, 89.0700 mm): Reference field of R13
    @(168.2400 mm, 89.7250 mm): Polygon of U5 on F.Silkscreen
[silk_overlap]: Silkscreen clearance
    Rule: board setup constraints silk; warning
    @(166.6750 mm, 89.0700 mm): Reference field of R13
    @(166.6750 mm, 87.9900 mm): Reference field of R12
[silk_overlap]: Silkscreen clearance
    Rule: board setup constraints silk; warning
    @(166.6750 mm, 89.0700 mm): Reference field of R13
    @(166.4377 mm, 88.5125 mm): Segment of R12 on F.Silkscreen
[silk_overlap]: Silkscreen clearance
    Rule: board setup constraints silk; warning
    @(166.6750 mm, 87.9900 mm): Reference field of R12
    @(166.4377 mm, 88.5125 mm): Segment of R12 on F.Silkscreen
[silk_overlap]: Silkscreen clearance
    Rule: board setup constraints silk; warning
    @(166.6750 mm, 87.9900 mm): Reference field of R12
    @(166.4377 mm, 87.4675 mm): Segment of R12 on F.Silkscreen
[silk_overlap]: Silkscreen clearance
    Rule: board setup constraints silk; warning
    @(153.9377 mm, 89.0225 mm): Segment of R10 on F.Silkscreen
    @(154.1750 mm, 89.5800 mm): Reference field of R11
[silk_overlap]: Silkscreen clearance
    Rule: board setup constraints silk; warning
    @(168.0100 mm, 74.5506 mm): Segment of C14 on F.Silkscreen
    @(167.5000 mm, 74.4100 mm): Reference field of C14
[silk_overlap]: Silkscreen clearance
    Rule: board setup constraints silk; warning
    @(166.9900 mm, 74.5506 mm): Segment of C14 on F.Silkscreen
    @(167.5000 mm, 74.4100 mm): Reference field of C14
[silk_overlap]: Silkscreen clearance
    Rule: board setup constraints silk; warning
    @(170.4750 mm, 75.2350 mm): Reference field of U7
    @(170.0000 mm, 74.4100 mm): Reference field of C15
[silk_overlap]: Silkscreen clearance
    Rule: board setup constraints silk; warning
    @(170.0000 mm, 74.4100 mm): Reference field of C15
    @(170.4900 mm, 74.0506 mm): Segment of C15 on F.Silkscreen
[silk_overlap]: Silkscreen clearance
    Rule: board setup constraints silk; warning
    @(163.0000 mm, 56.0800 mm): Reference field of R6
    @(162.7627 mm, 55.5225 mm): Segment of R5 on F.Silkscreen
[silk_overlap]: Silkscreen clearance
    Rule: board setup constraints silk; warning
    @(140.5000 mm, 49.0800 mm): Reference field of C4
    @(140.3594 mm, 48.5100 mm): Segment of C3 on F.Silkscreen
[silk_overlap]: Silkscreen clearance
    Rule: board setup constraints silk; warning
    @(88.8600 mm, 79.4200 mm): Reference field of U3
    @(87.1900 mm, 79.8800 mm): Segment of U3 on F.Silkscreen
[silk_overlap]: Silkscreen clearance
    Rule: board setup constraints silk; warning
    @(101.8594 mm, 110.5100 mm): Segment of C12 on F.Silkscreen
    @(102.0000 mm, 111.0800 mm): Reference field of R15
[silk_overlap]: Silkscreen clearance
    Rule: board setup constraints silk; warning
    @(101.8594 mm, 108.0000 mm): Segment of C11 on F.Silkscreen
    @(102.0000 mm, 108.5700 mm): Reference field of C12
[silk_overlap]: Silkscreen clearance
    Rule: board setup constraints silk; warning
    @(102.7125 mm, 107.0700 mm): Reference field of D1
    @(102.0000 mm, 106.0600 mm): Reference field of C11
[silk_overlap]: Silkscreen clearance
    Rule: board setup constraints silk; warning
    @(101.8594 mm, 106.9800 mm): Segment of C11 on F.Silkscreen
    @(102.7125 mm, 107.0700 mm): Reference field of D1
[silk_overlap]: Silkscreen clearance
    Rule: board setup constraints silk; warning
    @(99.6750 mm, 51.5700 mm): Reference field of R2
    @(99.4377 mm, 51.0125 mm): Segment of R1 on F.Silkscreen
[silk_overlap]: Silkscreen clearance
    Rule: board setup constraints silk; warning
    @(99.6750 mm, 54.0800 mm): Reference field of R3
    @(99.4377 mm, 53.5225 mm): Segment of R2 on F.Silkscreen
[silk_overlap]: Silkscreen clearance
    Rule: board setup constraints silk; warning
    @(119.6750 mm, 115.0800 mm): Reference field of R20
    @(119.4377 mm, 114.5225 mm): Segment of R19 on F.Silkscreen
[silk_overlap]: Silkscreen clearance
    Rule: board setup constraints silk; warning
    @(90.7250 mm, 77.5000 mm): Reference field of C7
    @(90.5844 mm, 78.0100 mm): Segment of C7 on F.Silkscreen
[silk_overlap]: Silkscreen clearance
    Rule: board setup constraints silk; warning
    @(90.5844 mm, 76.9900 mm): Segment of C7 on F.Silkscreen
    @(90.7250 mm, 77.5000 mm): Reference field of C7
[silk_over_copper]: Silkscreen clipped by solder mask
    Local override; warning
    @(163.0000 mm, 56.0800 mm): Reference field of R6
    @(163.8250 mm, 55.0000 mm): Pad 2 [+3V3] of R5 on F.Cu
[silk_over_copper]: Silkscreen clipped by solder mask
    Local override; warning
    @(179.0000 mm, 111.0020 mm): Reference field of TP10
    @(179.0000 mm, 111.0000 mm): Pad 1 [/Vibration_Sensor/I2C_SDA] of TP10 on F.Cu
[silk_over_copper]: Silkscreen clipped by solder mask
    Local override; warning
    @(174.0000 mm, 112.0000 mm): Reference field of TP9
    @(174.0000 mm, 112.0000 mm): Pad 1 [Net-(J4-Pin_2)] of TP7 on F.Cu
[silk_over_copper]: Silkscreen clipped by solder mask
    Local override; warning
    @(166.6750 mm, 89.0700 mm): Reference field of R13
    @(167.5000 mm, 87.9900 mm): Pad 2 [/Vibration_Sensor/I2C_SDA] of R12 on F.Cu
[silk_over_copper]: Silkscreen clipped by solder mask
    Local override; warning
    @(166.6750 mm, 87.9900 mm): Reference field of R12
    @(167.5000 mm, 87.9900 mm): Pad 2 [/Vibration_Sensor/I2C_SDA] of R12 on F.Cu
[silk_over_copper]: Silkscreen clipped by solder mask
    Local override; warning
    @(166.6750 mm, 91.5800 mm): Reference field of R14
    @(165.8500 mm, 90.5000 mm): Pad 1 [+3V3] of R13 on F.Cu
[silk_over_copper]: Silkscreen clipped by solder mask
    Local override; warning
    @(166.6750 mm, 91.5800 mm): Reference field of R14
    @(167.5000 mm, 90.5000 mm): Pad 2 [I2C_SCL] of R13 on F.Cu
[silk_over_copper]: Silkscreen clipped by solder mask
    Local override; warning
    @(166.6750 mm, 89.0700 mm): Reference field of R13
    @(165.8500 mm, 87.9900 mm): Pad 1 [+3V3] of R12 on F.Cu
[silk_over_copper]: Silkscreen clipped by solder mask
    Local override; warning
    @(166.6750 mm, 87.9900 mm): Reference field of R12
    @(165.8500 mm, 87.9900 mm): Pad 1 [+3V3] of R12 on F.Cu
[silk_over_copper]: Silkscreen clipped by solder mask
    Local override; warning
    @(154.1750 mm, 89.5800 mm): Reference field of R11
    @(153.3500 mm, 88.5000 mm): Pad 1 [+3V3] of R10 on F.Cu
[silk_over_copper]: Silkscreen clipped by solder mask
    Local override; warning
    @(154.1750 mm, 89.5800 mm): Reference field of R11
    @(155.0000 mm, 88.5000 mm): Pad 2 [Net-(D3-K)] of R10 on F.Cu
[silk_over_copper]: Silkscreen clipped by solder mask
    Local override; warning
    @(167.5000 mm, 74.4100 mm): Reference field of C14
    @(167.5000 mm, 75.1850 mm): Pad 1 [+3V3] of C14 on F.Cu
[silk_over_copper]: Silkscreen clipped by solder mask
    Local override; warning
    @(167.5000 mm, 74.4100 mm): Reference field of C14
    @(167.5000 mm, 73.6350 mm): Pad 2 [gnd] of C14 on F.Cu
[silk_over_copper]: Silkscreen clipped by solder mask
    Local override; warning
    @(170.4750 mm, 75.2350 mm): Reference field of U7
    @(171.0000 mm, 74.6850 mm): Pad 1 [+3V3] of C15 on F.Cu
[silk_over_copper]: Silkscreen clipped by solder mask
    Local override; warning
    @(170.0000 mm, 74.4100 mm): Reference field of C15
    @(171.0000 mm, 74.6850 mm): Pad 1 [+3V3] of C15 on F.Cu
[silk_over_copper]: Silkscreen clipped by solder mask
    Local override; warning
    @(170.0000 mm, 74.4100 mm): Reference field of C15
    @(171.0000 mm, 73.1350 mm): Pad 2 [gnd] of C15 on F.Cu
[silk_over_copper]: Silkscreen clipped by solder mask
    Local override; warning
    @(163.0000 mm, 56.0800 mm): Reference field of R6
    @(162.1750 mm, 55.0000 mm): Pad 1 [Net-(U2-IO0)] of R5 on F.Cu
[silk_over_copper]: Silkscreen clipped by solder mask
    Local override; warning
    @(140.5000 mm, 49.0800 mm): Reference field of C4
    @(141.2750 mm, 48.0000 mm): Pad 2 [gnd] of C3 on F.Cu
[silk_over_copper]: Silkscreen clipped by solder mask
    Local override; warning
    @(134.8000 mm, 47.4200 mm): Reference field of C2
    @(135.5000 mm, 46.5000 mm): Pad 1 [USB_5V] of C1 on F.Cu
[silk_over_copper]: Silkscreen clipped by solder mask
    Local override; warning
    @(92.0000 mm, 87.5000 mm): Reference field of J3
    @(92.0000 mm, 87.5000 mm): PTH pad 1 [Net-(J3-Pin_1)] of J3
[silk_over_copper]: Silkscreen clipped by solder mask
    Local override; warning
    @(87.4100 mm, 87.5000 mm): Reference field of J1
    @(87.4100 mm, 87.5000 mm): PTH pad 1 [Net-(J1-Pin_1)] of J1
[silk_over_copper]: Silkscreen clipped by solder mask
    Local override; warning
    @(102.0000 mm, 111.0800 mm): Reference field of R15
    @(102.7750 mm, 110.0000 mm): Pad 2 [gnd] of C12 on F.Cu
[silk_over_copper]: Silkscreen clipped by solder mask
    Local override; warning
    @(102.0000 mm, 111.0800 mm): Reference field of R15
    @(101.2250 mm, 110.0000 mm): Pad 1 [+3V3] of C12 on F.Cu
[silk_over_copper]: Silkscreen clipped by solder mask
    Local override; warning
    @(102.0000 mm, 108.5700 mm): Reference field of C12
    @(101.2250 mm, 107.4900 mm): Pad 1 [+3V3] of C11 on F.Cu
[silk_over_copper]: Silkscreen clipped by solder mask
    Local override; warning
    @(102.0000 mm, 108.5700 mm): Reference field of C12
    @(102.7750 mm, 107.4900 mm): Pad 2 [gnd] of C11 on F.Cu
[silk_over_copper]: Silkscreen clipped by solder mask
    Local override; warning
    @(102.7125 mm, 107.0700 mm): Reference field of D1
    @(102.7750 mm, 107.4900 mm): Pad 2 [gnd] of C11 on F.Cu
[silk_over_copper]: Silkscreen clipped by solder mask
    Local override; warning
    @(99.6750 mm, 51.5700 mm): Reference field of R2
    @(98.8500 mm, 50.4900 mm): Pad 1 [Net-(J2-CC1)] of R1 on F.Cu
[silk_over_copper]: Silkscreen clipped by solder mask
    Local override; warning
    @(99.6750 mm, 51.5700 mm): Reference field of R2
    @(100.5000 mm, 50.4900 mm): Pad 2 [gnd] of R1 on F.Cu
[silk_over_copper]: Silkscreen clipped by solder mask
    Local override; warning
    @(99.6750 mm, 54.0800 mm): Reference field of R3
    @(98.8500 mm, 53.0000 mm): Pad 1 [Net-(J2-CC2)] of R2 on F.Cu
[silk_over_copper]: Silkscreen clipped by solder mask
    Local override; warning
    @(99.6750 mm, 54.0800 mm): Reference field of R3
    @(100.5000 mm, 53.0000 mm): Pad 2 [gnd] of R2 on F.Cu
[silk_over_copper]: Silkscreen clipped by solder mask
    Local override; warning
    @(90.7250 mm, 77.5000 mm): Reference field of C7
    @(89.9500 mm, 77.5000 mm): Pad 1 [+3V3] of C7 on F.Cu
[silk_over_copper]: Silkscreen clipped by solder mask
    Local override; warning
    @(90.7250 mm, 77.5000 mm): Reference field of C7
    @(91.5000 mm, 77.5000 mm): Pad 2 [gnd] of C7 on F.Cu
[silk_over_copper]: Silkscreen clipped by solder mask
    Local override; warning
    @(119.6750 mm, 115.0800 mm): Reference field of R20
    @(118.8500 mm, 114.0000 mm): Pad 1 [Net-(D6-A)] of R19 on F.Cu
[silk_over_copper]: Silkscreen clipped by solder mask
    Local override; warning
    @(119.6750 mm, 115.0800 mm): Reference field of R20
    @(120.5000 mm, 114.0000 mm): Pad 2 [LED_BLUE] of R19 on F.Cu

** Found 179 unconnected pads **
[unconnected_items]: Missing connection between items
    Local override; error
    @(92.0000 mm, 87.5000 mm): PTH pad 1 [Net-(J3-Pin_1)] of J3
    @(93.0375 mm, 81.5000 mm): Pad 1 [Net-(J3-Pin_1)] of RS1 on F.Cu
[unconnected_items]: Missing connection between items
    Local override; error
    @(92.0000 mm, 87.5000 mm): PTH pad 1 [Net-(J3-Pin_1)] of J3
    @(171.0000 mm, 106.5500 mm): Pad 1 [Net-(J3-Pin_1)] of TP6 on F.Cu
[unconnected_items]: Missing connection between items
    Local override; error
    @(93.0375 mm, 81.5000 mm): Pad 1 [Net-(J3-Pin_1)] of RS1 on F.Cu
    @(90.9500 mm, 80.9900 mm): Pad 9 [Net-(J3-Pin_1)] of U3 on F.Cu
[unconnected_items]: Missing connection between items
    Local override; error
    @(86.6500 mm, 80.4900 mm): Pad 1 [gnd] of U3 on F.Cu
    @(86.6500 mm, 80.9900 mm): Pad 2 [gnd] of U3 on F.Cu
[unconnected_items]: Missing connection between items
    Local override; error
    @(87.4100 mm, 90.0400 mm): PTH pad 2 [gnd] of J1
    @(87.9350 mm, 104.1950 mm): Pad SH [gnd] of J6 on F.Cu
[unconnected_items]: Missing connection between items
    Local override; error
    @(90.9500 mm, 81.9900 mm): Pad 7 [gnd] of U3 on F.Cu
    @(86.6500 mm, 80.9900 mm): Pad 2 [gnd] of U3 on F.Cu
[unconnected_items]: Missing connection between items
    Local override; error
    @(90.9500 mm, 81.9900 mm): Pad 7 [gnd] of U3 on F.Cu
    @(91.5000 mm, 77.5000 mm): Pad 2 [gnd] of C7 on F.Cu
[unconnected_items]: Missing connection between items
    Local override; error
    @(91.2600 mm, 114.8950 mm): Pad SH [gnd] of J6 on F.Cu
    @(97.2300 mm, 114.8950 mm): Pad SH [gnd] of J6 on F.Cu
[unconnected_items]: Missing connection between items
    Local override; error
    @(92.0000 mm, 90.0400 mm): PTH pad 2 [gnd] of J3
    @(87.4100 mm, 90.0400 mm): PTH pad 2 [gnd] of J1
[unconnected_items]: Missing connection between items
    Local override; error
    @(92.0000 mm, 90.0400 mm): PTH pad 2 [gnd] of J3
    @(90.9500 mm, 81.9900 mm): Pad 7 [gnd] of U3 on F.Cu
[unconnected_items]: Missing connection between items
    Local override; error
    @(94.3000 mm, 66.2500 mm): Pad 2 [gnd] of SW1 on F.Cu
    @(98.5000 mm, 63.0000 mm): Pad 1 [gnd] of SW2 on F.Cu
[unconnected_items]: Missing connection between items
    Local override; error
    @(94.3000 mm, 66.2500 mm): Pad 2 [gnd] of SW1 on F.Cu
    @(88.0000 mm, 66.2500 mm): Pad 2 [gnd] of SW1 on F.Cu
[unconnected_items]: Missing connection between items
    Local override; error
    @(94.3000 mm, 66.2500 mm): Pad 2 [gnd] of SW1 on F.Cu
    @(91.5000 mm, 77.5000 mm): Pad 2 [gnd] of C7 on F.Cu
[unconnected_items]: Missing connection between items
    Local override; error
    @(95.8950 mm, 104.0700 mm): Pad 6 [gnd] of J6 on F.Cu
    @(99.2550 mm, 104.4200 mm): Pad SH [gnd] of J6 on F.Cu
[unconnected_items]: Missing connection between items
    Local override; error
    @(95.8950 mm, 104.0700 mm): Pad 6 [gnd] of J6 on F.Cu
    @(87.9350 mm, 104.1950 mm): Pad SH [gnd] of J6 on F.Cu
[unconnected_items]: Missing connection between items
    Local override; error
    @(98.5000 mm, 63.0000 mm): Pad 1 [gnd] of SW2 on F.Cu
    @(100.5000 mm, 53.0000 mm): Pad 2 [gnd] of R2 on F.Cu
[unconnected_items]: Missing connection between items
    Local override; error
    @(99.2550 mm, 104.4200 mm): Pad SH [gnd] of J6 on F.Cu
    @(102.7750 mm, 107.4900 mm): Pad 2 [gnd] of C11 on F.Cu
[unconnected_items]: Missing connection between items
    Local override; error
    @(100.5000 mm, 53.0000 mm): Pad 2 [gnd] of R2 on F.Cu
    @(100.5000 mm, 50.4900 mm): Pad 2 [gnd] of R1 on F.Cu
[unconnected_items]: Missing connection between items
    Local override; error
    @(102.7750 mm, 110.0000 mm): Pad 2 [gnd] of C12 on F.Cu
    @(102.7750 mm, 107.4900 mm): Pad 2 [gnd] of C11 on F.Cu
[unconnected_items]: Missing connection between items
    Local override; error
    @(102.7750 mm, 110.0000 mm): Pad 2 [gnd] of C12 on F.Cu
    @(97.2300 mm, 114.8950 mm): Pad SH [gnd] of J6 on F.Cu
[unconnected_items]: Missing connection between items
    Local override; error
    @(103.1800 mm, 49.5750 mm): PTH pad SH [gnd] of J2
    @(100.5000 mm, 50.4900 mm): Pad 2 [gnd] of R1 on F.Cu
[unconnected_items]: Missing connection between items
    Local override; error
    @(103.1800 mm, 49.5750 mm): PTH pad SH [gnd] of J2
    @(103.1800 mm, 45.3950 mm): PTH pad SH [gnd] of J2
[unconnected_items]: Missing connection between items
    Local override; error
    @(104.3000 mm, 44.8200 mm): Pad B12 [gnd] of J2 on F.Cu
    @(103.1800 mm, 45.3950 mm): PTH pad SH [gnd] of J2
[unconnected_items]: Missing connection between items
    Local override; error
    @(104.8000 mm, 63.0000 mm): Pad 1 [gnd] of SW2 on F.Cu
    @(98.5000 mm, 63.0000 mm): Pad 1 [gnd] of SW2 on F.Cu
[unconnected_items]: Missing connection between items
    Local override; error
    @(110.7000 mm, 44.8200 mm): Pad A12 [gnd] of J2 on F.Cu
    @(111.8200 mm, 45.3950 mm): PTH pad SH [gnd] of J2
[unconnected_items]: Missing connection between items
    Local override; error
    @(110.7000 mm, 44.8200 mm): Pad A12 [gnd] of J2 on F.Cu
    @(104.3000 mm, 44.8200 mm): Pad B12 [gnd] of J2 on F.Cu
[unconnected_items]: Missing connection between items
    Local override; error
    @(111.8200 mm, 45.3950 mm): PTH pad SH [gnd] of J2
    @(111.8200 mm, 49.5750 mm): PTH pad SH [gnd] of J2
[unconnected_items]: Missing connection between items
    Local override; error
    @(113.3625 mm, 117.5000 mm): Pad 2 [gnd] of D2 on F.Cu
    @(102.7750 mm, 110.0000 mm): Pad 2 [gnd] of C12 on F.Cu
[unconnected_items]: Missing connection between items
    Local override; error
    @(117.0000 mm, 117.5000 mm): Pad 1 [gnd] of D4 on F.Cu
    @(113.3625 mm, 117.5000 mm): Pad 2 [gnd] of D2 on F.Cu
[unconnected_items]: Missing connection between items
    Local override; error
    @(117.0000 mm, 117.5000 mm): Pad 1 [gnd] of D4 on F.Cu
    @(121.5000 mm, 117.5000 mm): Pad 1 [gnd] of D5 on F.Cu
[unconnected_items]: Missing connection between items
    Local override; error
    @(126.2125 mm, 117.0000 mm): Pad 1 [gnd] of D6 on F.Cu
    @(121.5000 mm, 117.5000 mm): Pad 1 [gnd] of D5 on F.Cu
[unconnected_items]: Missing connection between items
    Local override; error
    @(129.0000 mm, 77.5500 mm): Pad 19 [gnd] of U4 on F.Cu
    @(129.0000 mm, 81.4500 mm): Pad 13 [gnd] of U4 on F.Cu
[unconnected_items]: Missing connection between items
    Local override; error
    @(129.0000 mm, 81.4500 mm): Pad 13 [gnd] of U4 on F.Cu
    @(139.5000 mm, 88.4000 mm): Pad 2 [gnd] of D3 on F.Cu
[unconnected_items]: Missing connection between items
    Local override; error
    @(129.5000 mm, 65.2700 mm): Pad 5 [gnd] of U6 on F.Cu
    @(132.5000 mm, 65.1350 mm): PTH pad 2 [gnd] of J8
[unconnected_items]: Missing connection between items
    Local override; error
    @(130.5000 mm, 110.4000 mm): Pad 2 [gnd] of Q1 on F.Cu
    @(126.2125 mm, 117.0000 mm): Pad 1 [gnd] of D6 on F.Cu
[unconnected_items]: Missing connection between items
    Local override; error
    @(130.5000 mm, 110.4000 mm): Pad 2 [gnd] of Q1 on F.Cu
    @(152.5000 mm, 114.5500 mm): Pad 1 [gnd] of TP2 on F.Cu
[unconnected_items]: Missing connection between items
    Local override; error
    @(131.5000 mm, 47.4500 mm): Pad 2 [gnd] of U1 on F.Cu
    @(111.8200 mm, 45.3950 mm): PTH pad SH [gnd] of J2
[unconnected_items]: Missing connection between items
    Local override; error
    @(132.5000 mm, 65.1350 mm): PTH pad 2 [gnd] of J8
    @(133.5050 mm, 76.6600 mm): Pad 2 [gnd] of C8 on F.Cu
[unconnected_items]: Missing connection between items
    Local override; error
    @(133.5050 mm, 76.6600 mm): Pad 2 [gnd] of C8 on F.Cu
    @(129.0000 mm, 77.5500 mm): Pad 19 [gnd] of U4 on F.Cu
[unconnected_items]: Missing connection between items
    Local override; error
    @(137.0500 mm, 46.5000 mm): Pad 2 [gnd] of C1 on F.Cu
    @(131.5000 mm, 47.4500 mm): Pad 2 [gnd] of U1 on F.Cu
[unconnected_items]: Missing connection between items
    Local override; error
    @(137.0750 mm, 49.5000 mm): Pad 2 [gnd] of C2 on F.Cu
    @(137.0500 mm, 46.5000 mm): Pad 2 [gnd] of C1 on F.Cu
[unconnected_items]: Missing connection between items
    Local override; error
    @(137.0750 mm, 49.5000 mm): Pad 2 [gnd] of C2 on F.Cu
    @(141.2750 mm, 50.5100 mm): Pad 2 [gnd] of C4 on F.Cu
[unconnected_items]: Missing connection between items
    Local override; error
    @(137.5500 mm, 63.5000 mm): Pad 2 [gnd] of C13 on F.Cu
    @(132.5000 mm, 65.1350 mm): PTH pad 2 [gnd] of J8
[unconnected_items]: Missing connection between items
    Local override; error
    @(137.5500 mm, 63.5000 mm): Pad 2 [gnd] of C13 on F.Cu
    @(141.2750 mm, 50.5100 mm): Pad 2 [gnd] of C4 on F.Cu
[unconnected_items]: Missing connection between items
    Local override; error
    @(139.5000 mm, 88.4000 mm): Pad 2 [gnd] of D3 on F.Cu
    @(149.5300 mm, 87.6250 mm): PTH pad 3 [gnd] of J5
[unconnected_items]: Missing connection between items
    Local override; error
    @(141.2750 mm, 48.0000 mm): Pad 2 [gnd] of C3 on F.Cu
    @(141.2750 mm, 50.5100 mm): Pad 2 [gnd] of C4 on F.Cu
[unconnected_items]: Missing connection between items
    Local override; error
    @(148.2750 mm, 82.5000 mm): Pad 2 [gnd] of C9 on F.Cu
    @(149.5300 mm, 87.6250 mm): PTH pad 3 [gnd] of J5
[unconnected_items]: Missing connection between items
    Local override; error
    @(160.6000 mm, 118.9200 mm): Pad 1 [gnd] of TP15 on F.Cu
    @(152.5000 mm, 114.5500 mm): Pad 1 [gnd] of TP2 on F.Cu
[unconnected_items]: Missing connection between items
    Local override; error
    @(161.5000 mm, 78.1350 mm): Pad 2 [gnd] of R16 on F.Cu
    @(164.5000 mm, 80.1750 mm): PTH pad 2 [gnd] of J7
[unconnected_items]: Missing connection between items
    Local override; error
    @(161.5000 mm, 78.1350 mm): Pad 2 [gnd] of R16 on F.Cu
    @(148.2750 mm, 82.5000 mm): Pad 2 [gnd] of C9 on F.Cu
[unconnected_items]: Missing connection between items
    Local override; error
    @(163.2750 mm, 60.5000 mm): Pad 2 [gnd] of C6 on F.Cu
    @(164.0000 mm, 64.5000 mm): Pad 2 [gnd] of C5 on F.Cu
[unconnected_items]: Missing connection between items
    Local override; error
    @(163.2750 mm, 60.5000 mm): Pad 2 [gnd] of C6 on F.Cu
    @(171.6000 mm, 59.1600 mm): PTH pad 41 [gnd] of U2
[unconnected_items]: Missing connection between items
    Local override; error
    @(165.8500 mm, 93.0100 mm): Pad 1 [gnd] of R14 on F.Cu
    @(168.7750 mm, 91.7250 mm): Pad 5 [gnd] of U5 on F.Cu
[unconnected_items]: Missing connection between items
    Local override; error
    @(167.5000 mm, 73.6350 mm): Pad 2 [gnd] of C14 on F.Cu
    @(168.0000 mm, 78.0000 mm): Pad 2 [gnd] of U7 on F.Cu
[unconnected_items]: Missing connection between items
    Local override; error
    @(167.5000 mm, 73.6350 mm): Pad 2 [gnd] of C14 on F.Cu
    @(164.0000 mm, 64.5000 mm): Pad 2 [gnd] of C5 on F.Cu
[unconnected_items]: Missing connection between items
    Local override; error
    @(168.0000 mm, 78.0000 mm): Pad 2 [gnd] of U7 on F.Cu
    @(164.5000 mm, 80.1750 mm): PTH pad 2 [gnd] of J7
[unconnected_items]: Missing connection between items
    Local override; error
    @(168.7750 mm, 91.7250 mm): Pad 5 [gnd] of U5 on F.Cu
    @(171.2250 mm, 91.2250 mm): Pad 10 [gnd] of U5 on F.Cu
[unconnected_items]: Missing connection between items
    Local override; error
    @(171.0000 mm, 73.1350 mm): Pad 2 [gnd] of C15 on F.Cu
    @(167.5000 mm, 73.6350 mm): Pad 2 [gnd] of C14 on F.Cu
[unconnected_items]: Missing connection between items
    Local override; error
    @(171.2250 mm, 91.2250 mm): Pad 10 [gnd] of U5 on F.Cu
    @(171.2250 mm, 90.2250 mm): Pad 12 [gnd] of U5 on F.Cu
[unconnected_items]: Missing connection between items
    Local override; error
    @(172.3000 mm, 57.0600 mm): PTH pad 41 [gnd] of U2
    @(165.7500 mm, 50.7400 mm): Pad 1 [gnd] of U2 on F.Cu
[unconnected_items]: Missing connection between items
    Local override; error
    @(172.9500 mm, 79.2700 mm): Pad 6 [gnd] of U7 on F.Cu
    @(168.0000 mm, 78.0000 mm): Pad 2 [gnd] of U7 on F.Cu
[unconnected_items]: Missing connection between items
    Local override; error
    @(172.9500 mm, 79.2700 mm): Pad 6 [gnd] of U7 on F.Cu
    @(171.2250 mm, 90.2250 mm): Pad 12 [gnd] of U5 on F.Cu
[unconnected_items]: Missing connection between items
    Local override; error
    @(174.2750 mm, 90.5000 mm): Pad 2 [gnd] of C10 on F.Cu
    @(171.2250 mm, 90.2250 mm): Pad 12 [gnd] of U5 on F.Cu
[unconnected_items]: Missing connection between items
    Local override; error
    @(183.2500 mm, 50.7400 mm): Pad 40 [gnd] of U2 on F.Cu
    @(174.4000 mm, 57.7600 mm): PTH pad 41 [gnd] of U2
[unconnected_items]: Missing connection between items
    Local override; error
    @(169.5000 mm, 91.9500 mm): Pad 6 [/Vibration_Sensor/I2C_SDA] of U5 on F.Cu
    @(167.5000 mm, 87.9900 mm): Pad 2 [/Vibration_Sensor/I2C_SDA] of R12 on F.Cu
[unconnected_items]: Missing connection between items
    Local override; error
    @(179.0000 mm, 111.0000 mm): Pad 1 [/Vibration_Sensor/I2C_SDA] of TP10 on F.Cu
    @(169.5000 mm, 91.9500 mm): Pad 6 [/Vibration_Sensor/I2C_SDA] of U5 on F.Cu
[unconnected_items]: Missing connection between items
    Local override; error
    @(87.9750 mm, 78.0000 mm): Pad 2 [I2C_SCL] of R8 on F.Cu
    @(86.6500 mm, 82.4900 mm): Pad 5 [I2C_SCL] of U3 on F.Cu
[unconnected_items]: Missing connection between items
    Local override; error
    @(129.5000 mm, 61.4600 mm): Pad 8 [I2C_SCL] of U6 on F.Cu
    @(87.9750 mm, 78.0000 mm): Pad 2 [I2C_SCL] of R8 on F.Cu
[unconnected_items]: Missing connection between items
    Local override; error
    @(167.5000 mm, 90.5000 mm): Pad 2 [I2C_SCL] of R13 on F.Cu
    @(168.7750 mm, 91.2250 mm): Pad 4 [I2C_SCL] of U5 on F.Cu
[unconnected_items]: Missing connection between items
    Local override; error
    @(167.5000 mm, 90.5000 mm): Pad 2 [I2C_SCL] of R13 on F.Cu
    @(170.0550 mm, 68.5000 mm): Pad 17 [I2C_SCL] of U2 on F.Cu
[unconnected_items]: Missing connection between items
    Local override; error
    @(170.0550 mm, 68.5000 mm): Pad 17 [I2C_SCL] of U2 on F.Cu
    @(129.5000 mm, 61.4600 mm): Pad 8 [I2C_SCL] of U6 on F.Cu
[unconnected_items]: Missing connection between items
    Local override; error
    @(179.0000 mm, 114.5500 mm): Pad 1 [I2C_SCL] of TP11 on F.Cu
    @(168.7750 mm, 91.2250 mm): Pad 4 [I2C_SCL] of U5 on F.Cu
[unconnected_items]: Missing connection between items
    Local override; error
    @(86.3250 mm, 78.0000 mm): Pad 1 [+3V3] of R8 on F.Cu
    @(89.9500 mm, 77.5000 mm): Pad 1 [+3V3] of C7 on F.Cu
[unconnected_items]: Missing connection between items
    Local override; error
    @(89.9500 mm, 77.5000 mm): Pad 1 [+3V3] of C7 on F.Cu
    @(96.0000 mm, 77.0000 mm): Pad 1 [+3V3] of R7 on F.Cu
[unconnected_items]: Missing connection between items
    Local override; error
    @(90.9500 mm, 82.4900 mm): Pad 6 [+3V3] of U3 on F.Cu
    @(89.9500 mm, 77.5000 mm): Pad 1 [+3V3] of C7 on F.Cu
[unconnected_items]: Missing connection between items
    Local override; error
    @(90.9500 mm, 82.4900 mm): Pad 6 [+3V3] of U3 on F.Cu
    @(93.6950 mm, 104.0700 mm): Pad 4 [+3V3] of J6 on F.Cu
[unconnected_items]: Missing connection between items
    Local override; error
    @(98.8500 mm, 55.5100 mm): Pad 1 [+3V3] of R3 on F.Cu
    @(96.0000 mm, 77.0000 mm): Pad 1 [+3V3] of R7 on F.Cu
[unconnected_items]: Missing connection between items
    Local override; error
    @(101.2250 mm, 107.4900 mm): Pad 1 [+3V3] of C11 on F.Cu
    @(101.2250 mm, 110.0000 mm): Pad 1 [+3V3] of C12 on F.Cu
[unconnected_items]: Missing connection between items
    Local override; error
    @(101.2250 mm, 107.4900 mm): Pad 1 [+3V3] of C11 on F.Cu
    @(93.6950 mm, 104.0700 mm): Pad 4 [+3V3] of J6 on F.Cu
[unconnected_items]: Missing connection between items
    Local override; error
    @(101.2250 mm, 110.0000 mm): Pad 1 [+3V3] of C12 on F.Cu
    @(101.1750 mm, 112.5100 mm): Pad 1 [+3V3] of R15 on F.Cu
[unconnected_items]: Missing connection between items
    Local override; error
    @(122.0000 mm, 78.2000 mm): Pad 3 [+3V3] of U4 on F.Cu
    @(96.0000 mm, 77.0000 mm): Pad 1 [+3V3] of R7 on F.Cu
[unconnected_items]: Missing connection between items
    Local override; error
    @(124.5500 mm, 62.7300 mm): Pad 2 [+3V3] of U6 on F.Cu
    @(136.0000 mm, 63.5000 mm): Pad 1 [+3V3] of C13 on F.Cu
[unconnected_items]: Missing connection between items
    Local override; error
    @(131.9550 mm, 76.6600 mm): Pad 1 [+3V3] of C8 on F.Cu
    @(122.0000 mm, 78.2000 mm): Pad 3 [+3V3] of U4 on F.Cu
[unconnected_items]: Missing connection between items
    Local override; error
    @(131.9550 mm, 76.6600 mm): Pad 1 [+3V3] of C8 on F.Cu
    @(136.0000 mm, 63.5000 mm): Pad 1 [+3V3] of C13 on F.Cu
[unconnected_items]: Missing connection between items
    Local override; error
    @(136.0000 mm, 63.5000 mm): Pad 1 [+3V3] of C13 on F.Cu
    @(139.7250 mm, 50.5100 mm): Pad 1 [+3V3] of C4 on F.Cu
[unconnected_items]: Missing connection between items
    Local override; error
    @(139.7250 mm, 48.0000 mm): Pad 1 [+3V3] of C3 on F.Cu
    @(133.7750 mm, 46.5000 mm): Pad 5 [+3V3] of U1 on F.Cu
[unconnected_items]: Missing connection between items
    Local override; error
    @(139.7250 mm, 50.5100 mm): Pad 1 [+3V3] of C4 on F.Cu
    @(139.7250 mm, 48.0000 mm): Pad 1 [+3V3] of C3 on F.Cu
[unconnected_items]: Missing connection between items
    Local override; error
    @(144.4500 mm, 87.6250 mm): PTH pad 1 [+3V3] of J5
    @(146.7250 mm, 82.5000 mm): Pad 1 [+3V3] of C9 on F.Cu
[unconnected_items]: Missing connection between items
    Local override; error
    @(144.4500 mm, 87.6250 mm): PTH pad 1 [+3V3] of J5
    @(135.9000 mm, 114.0000 mm): PTH pad 1 [+3V3] of BZ1
[unconnected_items]: Missing connection between items
    Local override; error
    @(147.0000 mm, 54.5000 mm): Pad 1 [+3V3] of TP1 on F.Cu
    @(139.7250 mm, 50.5100 mm): Pad 1 [+3V3] of C4 on F.Cu
[unconnected_items]: Missing connection between items
    Local override; error
    @(153.3500 mm, 88.5000 mm): Pad 1 [+3V3] of R10 on F.Cu
    @(146.7250 mm, 82.5000 mm): Pad 1 [+3V3] of C9 on F.Cu
[unconnected_items]: Missing connection between items
    Local override; error
    @(153.3500 mm, 88.5000 mm): Pad 1 [+3V3] of R10 on F.Cu
    @(165.8500 mm, 87.9900 mm): Pad 1 [+3V3] of R12 on F.Cu
[unconnected_items]: Missing connection between items
    Local override; error
    @(160.1750 mm, 52.4900 mm): Pad 1 [+3V3] of R4 on F.Cu
    @(147.0000 mm, 54.5000 mm): Pad 1 [+3V3] of TP1 on F.Cu
[unconnected_items]: Missing connection between items
    Local override; error
    @(161.7250 mm, 60.5000 mm): Pad 1 [+3V3] of C6 on F.Cu
    @(163.8250 mm, 55.0000 mm): Pad 2 [+3V3] of R5 on F.Cu
[unconnected_items]: Missing connection between items
    Local override; error
    @(162.4500 mm, 64.5000 mm): Pad 1 [+3V3] of C5 on F.Cu
    @(161.7250 mm, 60.5000 mm): Pad 1 [+3V3] of C6 on F.Cu
[unconnected_items]: Missing connection between items
    Local override; error
    @(162.4500 mm, 64.5000 mm): Pad 1 [+3V3] of C5 on F.Cu
    @(167.5000 mm, 75.1850 mm): Pad 1 [+3V3] of C14 on F.Cu
[unconnected_items]: Missing connection between items
    Local override; error
    @(163.8250 mm, 55.0000 mm): Pad 2 [+3V3] of R5 on F.Cu
    @(160.1750 mm, 52.4900 mm): Pad 1 [+3V3] of R4 on F.Cu
[unconnected_items]: Missing connection between items
    Local override; error
    @(165.7500 mm, 52.0100 mm): Pad 2 [+3V3] of U2 on F.Cu
    @(163.8250 mm, 55.0000 mm): Pad 2 [+3V3] of R5 on F.Cu
[unconnected_items]: Missing connection between items
    Local override; error
    @(165.8500 mm, 90.5000 mm): Pad 1 [+3V3] of R13 on F.Cu
    @(165.8500 mm, 87.9900 mm): Pad 1 [+3V3] of R12 on F.Cu
[unconnected_items]: Missing connection between items
    Local override; error
    @(165.8500 mm, 90.5000 mm): Pad 1 [+3V3] of R13 on F.Cu
    @(168.7750 mm, 89.7250 mm): Pad 1 [+3V3] of U5 on F.Cu
[unconnected_items]: Missing connection between items
    Local override; error
    @(167.5000 mm, 75.1850 mm): Pad 1 [+3V3] of C14 on F.Cu
    @(168.0000 mm, 79.2700 mm): Pad 3 [+3V3] of U7 on F.Cu
[unconnected_items]: Missing connection between items
    Local override; error
    @(168.0000 mm, 79.2700 mm): Pad 3 [+3V3] of U7 on F.Cu
    @(165.8500 mm, 87.9900 mm): Pad 1 [+3V3] of R12 on F.Cu
[unconnected_items]: Missing connection between items
    Local override; error
    @(168.7750 mm, 89.7250 mm): Pad 1 [+3V3] of U5 on F.Cu
    @(170.5000 mm, 89.5000 mm): Pad 14 [+3V3] of U5 on F.Cu
[unconnected_items]: Missing connection between items
    Local override; error
    @(170.5000 mm, 89.5000 mm): Pad 14 [+3V3] of U5 on F.Cu
    @(172.7250 mm, 90.5000 mm): Pad 1 [+3V3] of C10 on F.Cu
[unconnected_items]: Missing connection between items
    Local override; error
    @(170.5000 mm, 89.5000 mm): Pad 14 [+3V3] of U5 on F.Cu
    @(170.5000 mm, 91.9500 mm): Pad 8 [+3V3] of U5 on F.Cu
[unconnected_items]: Missing connection between items
    Local override; error
    @(171.0000 mm, 74.6850 mm): Pad 1 [+3V3] of C15 on F.Cu
    @(167.5000 mm, 75.1850 mm): Pad 1 [+3V3] of C14 on F.Cu
[unconnected_items]: Missing connection between items
    Local override; error
    @(164.5000 mm, 77.6350 mm): PTH pad 1 [/CAN_Interface/CANH bus] of J7
    @(160.5000 mm, 108.5000 mm): Pad 1 [/CAN_Interface/CANH bus] of TP14 on F.Cu
[unconnected_items]: Missing connection between items
    Local override; error
    @(172.9500 mm, 78.0000 mm): Pad 7 [/CAN_Interface/CANH bus] of U7 on F.Cu
    @(164.5000 mm, 77.6350 mm): PTH pad 1 [/CAN_Interface/CANH bus] of J7
[unconnected_items]: Missing connection between items
    Local override; error
    @(175.5000 mm, 78.6350 mm): Pad 1 [/CAN_Interface/CANH bus] of JP1 on F.Cu
    @(172.9500 mm, 78.0000 mm): Pad 7 [/CAN_Interface/CANH bus] of U7 on F.Cu
[unconnected_items]: Missing connection between items
    Local override; error
    @(97.6500 mm, 77.0000 mm): Pad 2 [I2C_SDA] of R7 on F.Cu
    @(86.6500 mm, 81.9900 mm): Pad 4 [I2C_SDA] of U3 on F.Cu
[unconnected_items]: Missing connection between items
    Local override; error
    @(129.5000 mm, 62.7300 mm): Pad 7 [I2C_SDA] of U6 on F.Cu
    @(97.6500 mm, 77.0000 mm): Pad 2 [I2C_SDA] of R7 on F.Cu
[unconnected_items]: Missing connection between items
    Local override; error
    @(165.7500 mm, 64.7100 mm): Pad 12 [I2C_SDA] of U2 on F.Cu
    @(129.5000 mm, 62.7300 mm): Pad 7 [I2C_SDA] of U6 on F.Cu
[unconnected_items]: Missing connection between items
    Local override; error
    @(90.9500 mm, 80.4900 mm): Pad 10 [Net-(J1-Pin_1)] of U3 on F.Cu
    @(87.4100 mm, 87.5000 mm): PTH pad 1 [Net-(J1-Pin_1)] of J1
[unconnected_items]: Missing connection between items
    Local override; error
    @(98.9625 mm, 81.5000 mm): Pad 2 [Net-(J1-Pin_1)] of RS1 on F.Cu
    @(90.9500 mm, 80.4900 mm): Pad 10 [Net-(J1-Pin_1)] of U3 on F.Cu
[unconnected_items]: Missing connection between items
    Local override; error
    @(171.0000 mm, 103.0000 mm): Pad 1 [Net-(J1-Pin_1)] of TP5 on F.Cu
    @(98.9625 mm, 81.5000 mm): Pad 2 [Net-(J1-Pin_1)] of RS1 on F.Cu
[unconnected_items]: Missing connection between items
    Local override; error
    @(94.3000 mm, 62.4500 mm): Pad 1 [Net-(U2-EN)] of SW1 on F.Cu
    @(88.0000 mm, 62.4500 mm): Pad 1 [Net-(U2-EN)] of SW1 on F.Cu
[unconnected_items]: Missing connection between items
    Local override; error
    @(161.8250 mm, 52.4900 mm): Pad 2 [Net-(U2-EN)] of R4 on F.Cu
    @(94.3000 mm, 62.4500 mm): Pad 1 [Net-(U2-EN)] of SW1 on F.Cu
[unconnected_items]: Missing connection between items
    Local override; error
    @(165.7500 mm, 53.2800 mm): Pad 3 [Net-(U2-EN)] of U2 on F.Cu
    @(161.8250 mm, 52.4900 mm): Pad 2 [Net-(U2-EN)] of R4 on F.Cu
[unconnected_items]: Missing connection between items
    Local override; error
    @(167.5000 mm, 111.4500 mm): Pad 1 [Net-(U2-EN)] of TP3 on F.Cu
    @(165.7500 mm, 53.2800 mm): Pad 3 [Net-(U2-EN)] of U2 on F.Cu
[unconnected_items]: Missing connection between items
    Local override; error
    @(91.4950 mm, 104.0700 mm): Pad 2 [SD_CS] of J6 on F.Cu
    @(102.8250 mm, 112.5100 mm): Pad 2 [SD_CS] of R15 on F.Cu
[unconnected_items]: Missing connection between items
    Local override; error
    @(102.8250 mm, 112.5100 mm): Pad 2 [SD_CS] of R15 on F.Cu
    @(160.5000 mm, 113.5000 mm): Pad 1 [SD_CS] of TP12 on F.Cu
[unconnected_items]: Missing connection between items
    Local override; error
    @(160.5000 mm, 113.5000 mm): Pad 1 [SD_CS] of TP12 on F.Cu
    @(171.3250 mm, 68.5000 mm): Pad 18 [SD_CS] of U2 on F.Cu
[unconnected_items]: Missing connection between items
    Local override; error
    @(122.0000 mm, 63.5000 mm): Pad 1 [RTC_INT] of TP13 on F.Cu
    @(124.5500 mm, 64.0000 mm): Pad 3 [RTC_INT] of U6 on F.Cu
[unconnected_items]: Missing connection between items
    Local override; error
    @(124.5500 mm, 64.0000 mm): Pad 3 [RTC_INT] of U6 on F.Cu
    @(177.6750 mm, 68.5000 mm): Pad 23 [RTC_INT] of U2 on F.Cu
[unconnected_items]: Missing connection between items
    Local override; error
    @(132.3750 mm, 109.4500 mm): Pad 3 [Net-(BZ1--)] of Q1 on F.Cu
    @(143.5000 mm, 114.0000 mm): PTH pad 2 [Net-(BZ1--)] of BZ1
[unconnected_items]: Missing connection between items
    Local override; error
    @(159.8500 mm, 78.1350 mm): Pad 1 [Net-(JP1-B)] of R16 on F.Cu
    @(176.8000 mm, 78.6350 mm): Pad 2 [Net-(JP1-B)] of JP1 on F.Cu
[unconnected_items]: Missing connection between items
    Local override; error
    @(109.9000 mm, 44.8200 mm): Pad A9 [Net-(F1-Pad1)] of J2 on F.Cu
    @(105.1000 mm, 44.8200 mm): Pad A4 [Net-(F1-Pad1)] of J2 on F.Cu
[unconnected_items]: Missing connection between items
    Local override; error
    @(120.6375 mm, 46.9500 mm): Pad 1 [Net-(F1-Pad1)] of F1 on F.Cu
    @(109.9000 mm, 44.8200 mm): Pad A9 [Net-(F1-Pad1)] of J2 on F.Cu
[unconnected_items]: Missing connection between items
    Local override; error
    @(131.5000 mm, 46.5000 mm): Pad 1 [USB_5V] of U1 on F.Cu
    @(131.5000 mm, 48.4000 mm): Pad 3 [USB_5V] of U1 on F.Cu
[unconnected_items]: Missing connection between items
    Local override; error
    @(131.5000 mm, 46.5000 mm): Pad 1 [USB_5V] of U1 on F.Cu
    @(123.4375 mm, 46.9500 mm): Pad 2 [USB_5V] of F1 on F.Cu
[unconnected_items]: Missing connection between items
    Local override; error
    @(135.5000 mm, 46.5000 mm): Pad 1 [USB_5V] of C1 on F.Cu
    @(131.5000 mm, 46.5000 mm): Pad 1 [USB_5V] of U1 on F.Cu
[unconnected_items]: Missing connection between items
    Local override; error
    @(135.5250 mm, 49.5000 mm): Pad 1 [USB_5V] of C2 on F.Cu
    @(135.5000 mm, 46.5000 mm): Pad 1 [USB_5V] of C1 on F.Cu
[unconnected_items]: Missing connection between items
    Local override; error
    @(123.0750 mm, 117.5000 mm): Pad 2 [Net-(D5-A)] of D5 on F.Cu
    @(126.3500 mm, 114.0000 mm): Pad 1 [Net-(D5-A)] of R18 on F.Cu
[unconnected_items]: Missing connection between items
    Local override; error
    @(112.0000 mm, 112.5100 mm): Pad 1 [BUZZER_CTRL] of R20 on F.Cu
    @(151.5000 mm, 120.0000 mm): Pad 1 [BUZZER_CTRL] of TP16 on F.Cu
[unconnected_items]: Missing connection between items
    Local override; error
    @(151.5000 mm, 120.0000 mm): Pad 1 [BUZZER_CTRL] of TP16 on F.Cu
    @(183.2500 mm, 62.1700 mm): Pad 31 [BUZZER_CTRL] of U2 on F.Cu
[unconnected_items]: Missing connection between items
    Local override; error
    @(113.6500 mm, 112.5100 mm): Pad 2 [Net-(Q1-B)] of R20 on F.Cu
    @(130.5000 mm, 108.5000 mm): Pad 1 [Net-(Q1-B)] of Q1 on F.Cu
[unconnected_items]: Missing connection between items
    Local override; error
    @(98.8500 mm, 50.4900 mm): Pad 1 [Net-(J2-CC1)] of R1 on F.Cu
    @(106.2500 mm, 44.8200 mm): Pad A5 [Net-(J2-CC1)] of J2 on F.Cu
[unconnected_items]: Missing connection between items
    Local override; error
    @(139.5000 mm, 86.5000 mm): Pad 1 [Net-(D3-K)] of D3 on F.Cu
    @(146.9900 mm, 87.6250 mm): PTH pad 2 [Net-(D3-K)] of J5
[unconnected_items]: Missing connection between items
    Local override; error
    @(146.9900 mm, 87.6250 mm): PTH pad 2 [Net-(D3-K)] of J5
    @(153.3500 mm, 91.0100 mm): Pad 1 [Net-(D3-K)] of R11 on F.Cu
[unconnected_items]: Missing connection between items
    Local override; error
    @(153.3500 mm, 91.0100 mm): Pad 1 [Net-(D3-K)] of R11 on F.Cu
    @(155.0000 mm, 88.5000 mm): Pad 2 [Net-(D3-K)] of R10 on F.Cu
[unconnected_items]: Missing connection between items
    Local override; error
    @(153.3500 mm, 91.0100 mm): Pad 1 [Net-(D3-K)] of R11 on F.Cu
    @(171.0000 mm, 120.0000 mm): Pad 1 [Net-(D3-K)] of TP9 on F.Cu
[unconnected_items]: Missing connection between items
    Local override; error
    @(106.6750 mm, 113.0000 mm): Pad 1 [Net-(D4-A)] of R17 on F.Cu
    @(118.5750 mm, 117.5000 mm): Pad 2 [Net-(D4-A)] of D4 on F.Cu
[unconnected_items]: Missing connection between items
    Local override; error
    @(108.3250 mm, 113.0000 mm): Pad 2 [LED_GREEN] of R17 on F.Cu
    @(183.2500 mm, 65.9800 mm): Pad 28 [LED_GREEN] of U2 on F.Cu
[unconnected_items]: Missing connection between items
    Local override; error
    @(118.8500 mm, 114.0000 mm): Pad 1 [Net-(D6-A)] of R19 on F.Cu
    @(127.7875 mm, 117.0000 mm): Pad 2 [Net-(D6-A)] of D6 on F.Cu
[unconnected_items]: Missing connection between items
    Local override; error
    @(120.5000 mm, 114.0000 mm): Pad 2 [LED_BLUE] of R19 on F.Cu
    @(183.2500 mm, 63.4400 mm): Pad 30 [LED_BLUE] of U2 on F.Cu
[unconnected_items]: Missing connection between items
    Local override; error
    @(167.5000 mm, 93.0100 mm): Pad 2 [Net-(U5-SDO)] of R14 on F.Cu
    @(170.0000 mm, 91.9500 mm): Pad 7 [Net-(U5-SDO)] of U5 on F.Cu
[unconnected_items]: Missing connection between items
    Local override; error
    @(98.8500 mm, 53.0000 mm): Pad 1 [Net-(J2-CC2)] of R2 on F.Cu
    @(109.2500 mm, 44.8200 mm): Pad B5 [Net-(J2-CC2)] of J2 on F.Cu
[unconnected_items]: Missing connection between items
    Local override; error
    @(98.5000 mm, 66.8000 mm): Pad 2 [Net-(U2-IO0)] of SW2 on F.Cu
    @(104.8000 mm, 66.8000 mm): Pad 2 [Net-(U2-IO0)] of SW2 on F.Cu
[unconnected_items]: Missing connection between items
    Local override; error
    @(162.1750 mm, 55.0000 mm): Pad 1 [Net-(U2-IO0)] of R5 on F.Cu
    @(104.8000 mm, 66.8000 mm): Pad 2 [Net-(U2-IO0)] of SW2 on F.Cu
[unconnected_items]: Missing connection between items
    Local override; error
    @(167.5000 mm, 115.0000 mm): Pad 1 [Net-(U2-IO0)] of TP4 on F.Cu
    @(183.2500 mm, 67.2500 mm): Pad 27 [Net-(U2-IO0)] of U2 on F.Cu
[unconnected_items]: Missing connection between items
    Local override; error
    @(183.2500 mm, 67.2500 mm): Pad 27 [Net-(U2-IO0)] of U2 on F.Cu
    @(162.1750 mm, 55.0000 mm): Pad 1 [Net-(U2-IO0)] of R5 on F.Cu
[unconnected_items]: Missing connection between items
    Local override; error
    @(129.5000 mm, 64.0000 mm): Pad 6 [Net-(J8-Pin_1)] of U6 on F.Cu
    @(132.5000 mm, 62.5950 mm): PTH pad 1 [Net-(J8-Pin_1)] of J8
[unconnected_items]: Missing connection between items
    Local override; error
    @(155.0000 mm, 91.0100 mm): Pad 2 [RPM_IN] of R11 on F.Cu
    @(165.7500 mm, 54.5500 mm): Pad 4 [RPM_IN] of U2 on F.Cu
[unconnected_items]: Missing connection between items
    Local override; error
    @(108.2500 mm, 44.8200 mm): Pad B6 [USB_D+] of J2 on F.Cu
    @(107.2500 mm, 44.8200 mm): Pad A6 [USB_D+] of J2 on F.Cu
[unconnected_items]: Missing connection between items
    Local override; error
    @(165.7500 mm, 67.2500 mm): Pad 14 [USB_D+] of U2 on F.Cu
    @(108.2500 mm, 44.8200 mm): Pad B6 [USB_D+] of J2 on F.Cu
[unconnected_items]: Missing connection between items
    Local override; error
    @(107.7500 mm, 44.8200 mm): Pad A7 [USB_D-] of J2 on F.Cu
    @(106.7500 mm, 44.8200 mm): Pad B7 [USB_D-] of J2 on F.Cu
[unconnected_items]: Missing connection between items
    Local override; error
    @(165.7500 mm, 65.9800 mm): Pad 13 [USB_D-] of U2 on F.Cu
    @(107.7500 mm, 44.8200 mm): Pad A7 [USB_D-] of J2 on F.Cu
[unconnected_items]: Missing connection between items
    Local override; error
    @(162.1750 mm, 57.5100 mm): Pad 1 [Net-(D1-K)] of R6 on F.Cu
    @(106.4250 mm, 116.5000 mm): Pad 1 [Net-(D1-K)] of D1 on F.Cu
[unconnected_items]: Missing connection between items
    Local override; error
    @(183.2500 mm, 53.2800 mm): Pad 38 [Net-(D1-K)] of U2 on F.Cu
    @(162.1750 mm, 57.5100 mm): Pad 1 [Net-(D1-K)] of R6 on F.Cu
[unconnected_items]: Missing connection between items
    Local override; error
    @(108.0000 mm, 116.5000 mm): Pad 2 [Net-(D1-A)] of D1 on F.Cu
    @(163.8250 mm, 57.5100 mm): Pad 2 [Net-(D1-A)] of R6 on F.Cu
[unconnected_items]: Missing connection between items
    Local override; error
    @(165.7500 mm, 62.1700 mm): Pad 10 [CAN_TX] of U2 on F.Cu
    @(168.0000 mm, 76.7300 mm): Pad 1 [CAN_TX] of U7 on F.Cu
[unconnected_items]: Missing connection between items
    Local override; error
    @(165.7500 mm, 63.4400 mm): Pad 11 [CAN_RX] of U2 on F.Cu
    @(168.0000 mm, 80.5400 mm): Pad 4 [CAN_RX] of U7 on F.Cu
[unconnected_items]: Missing connection between items
    Local override; error
    @(129.0000 mm, 80.8000 mm): Pad 14 [SPI_MOSI] of U4 on F.Cu
    @(92.5950 mm, 104.0700 mm): Pad 3 [SPI_MOSI] of J6 on F.Cu
[unconnected_items]: Missing connection between items
    Local override; error
    @(172.5950 mm, 68.5000 mm): Pad 19 [SPI_MOSI] of U2 on F.Cu
    @(129.0000 mm, 80.8000 mm): Pad 14 [SPI_MOSI] of U4 on F.Cu
[unconnected_items]: Missing connection between items
    Local override; error
    @(129.0000 mm, 80.1500 mm): Pad 15 [SPI_SCK] of U4 on F.Cu
    @(94.7950 mm, 104.0700 mm): Pad 5 [SPI_SCK] of J6 on F.Cu
[unconnected_items]: Missing connection between items
    Local override; error
    @(173.8650 mm, 68.5000 mm): Pad 20 [SPI_SCK] of U2 on F.Cu
    @(129.0000 mm, 80.1500 mm): Pad 15 [SPI_SCK] of U4 on F.Cu
[unconnected_items]: Missing connection between items
    Local override; error
    @(129.0000 mm, 78.8500 mm): Pad 17 [SPI_MISO] of U4 on F.Cu
    @(96.9950 mm, 104.0700 mm): Pad 7 [SPI_MISO] of J6 on F.Cu
[unconnected_items]: Missing connection between items
    Local override; error
    @(175.1350 mm, 68.5000 mm): Pad 21 [SPI_MISO] of U2 on F.Cu
    @(129.0000 mm, 78.8500 mm): Pad 17 [SPI_MISO] of U4 on F.Cu
[unconnected_items]: Missing connection between items
    Local override; error
    @(122.0000 mm, 82.7500 mm): Pad 10 [Net-(J4-Pin_2)] of U4 on F.Cu
    @(112.9600 mm, 79.6600 mm): PTH pad 2 [Net-(J4-Pin_2)] of J4
[unconnected_items]: Missing connection between items
    Local override; error
    @(174.0000 mm, 112.0000 mm): Pad 1 [Net-(J4-Pin_2)] of TP7 on F.Cu
    @(122.0000 mm, 82.7500 mm): Pad 10 [Net-(J4-Pin_2)] of U4 on F.Cu
[unconnected_items]: Missing connection between items
    Local override; error
    @(129.0000 mm, 79.5000 mm): Pad 16 [MAX31865_CS] of U4 on F.Cu
    @(176.4050 mm, 68.5000 mm): Pad 22 [MAX31865_CS] of U2 on F.Cu
[unconnected_items]: Missing connection between items
    Local override; error
    @(128.0000 mm, 114.0000 mm): Pad 2 [LED_RED] of R18 on F.Cu
    @(183.2500 mm, 64.7100 mm): Pad 29 [LED_RED] of U2 on F.Cu
[unconnected_items]: Missing connection between items
    Local override; error
    @(100.5000 mm, 55.5100 mm): Pad 2 [Net-(D2-K)] of R3 on F.Cu
    @(111.7875 mm, 117.5000 mm): Pad 1 [Net-(D2-K)] of D2 on F.Cu
[unconnected_items]: Missing connection between items
    Local override; error
    @(122.0000 mm, 79.5000 mm): Pad 5 [Net-(U4-REFIN+)] of U4 on F.Cu
    @(131.1750 mm, 82.0000 mm): Pad 1 [Net-(U4-REFIN+)] of R9 on F.Cu
[unconnected_items]: Missing connection between items
    Local override; error
    @(110.4200 mm, 79.6600 mm): PTH pad 1 [Net-(J4-Pin_1)] of J4
    @(122.0000 mm, 81.4500 mm): Pad 8 [Net-(J4-Pin_1)] of U4 on F.Cu
[unconnected_items]: Missing connection between items
    Local override; error
    @(122.0000 mm, 81.4500 mm): Pad 8 [Net-(J4-Pin_1)] of U4 on F.Cu
    @(132.8250 mm, 82.0000 mm): Pad 2 [Net-(J4-Pin_1)] of R9 on F.Cu
[unconnected_items]: Missing connection between items
    Local override; error
    @(129.0000 mm, 82.7500 mm): Pad 11 [Net-(J4-Pin_3)] of U4 on F.Cu
    @(115.5000 mm, 79.6600 mm): PTH pad 3 [Net-(J4-Pin_3)] of J4
[unconnected_items]: Missing connection between items
    Local override; error
    @(174.0000 mm, 115.5500 mm): Pad 1 [Net-(J4-Pin_3)] of TP8 on F.Cu
    @(129.0000 mm, 82.7500 mm): Pad 11 [Net-(J4-Pin_3)] of U4 on F.Cu
[unconnected_items]: Missing connection between items
    Local override; error
    @(118.0400 mm, 79.6600 mm): PTH pad 4 [Net-(J4-Pin_4)] of J4
    @(129.0000 mm, 82.1000 mm): Pad 12 [Net-(J4-Pin_4)] of U4 on F.Cu

** Found 0 Footprint errors **

** Ignored checks **
    - Footprint has no courtyard defined
    - Track endpoint not centered on via
    - Tuning profile track geometries
    - Footprint doesn't match symbol's footprint filters
    - Footprint component type doesn't match footprint pads

** End of Report **
